  Determining projects to restore...
  All projects are up-to-date for restore.
C:\Dev\LionPix\teddy-merge-windows\App.xaml.cs(17,21): error CS0103: The name 'PackageHelper' does not exist in the current context [C:\Dev\LionPix\teddy-merge-windows\TeddyMerge.csproj]
C:\Users\lpapa\.nuget\packages\microsoft.windowsappsdk.winui\1.8.260204000\buildTransitive\Microsoft.UI.Xaml.Markup.Compiler.interop.targets(845,9): error MSB3073: The command ""C:\Users\lpapa\.nuget\packages\microsoft.windowsappsdk.winui\1.8.260204000\buildTransitive\..\tools\net6.0\..\net472\XamlCompiler.exe" "obj\x64\Debug\net10.0-windows10.0.19041.0\win-x64\\input.json" "obj\x64\Debug\net10.0-windows10.0.19041.0\win-x64\\output.json"" exited with code 1. [C:\Dev\LionPix\teddy-merge-windows\TeddyMerge.csproj]

Build FAILED.

C:\Dev\LionPix\teddy-merge-windows\App.xaml.cs(17,21): error CS0103: The name 'PackageHelper' does not exist in the current context [C:\Dev\LionPix\teddy-merge-windows\TeddyMerge.csproj]
C:\Users\lpapa\.nuget\packages\microsoft.windowsappsdk.winui\1.8.260204000\buildTransitive\Microsoft.UI.Xaml.Markup.Compiler.interop.targets(845,9): error MSB3073: The command ""C:\Users\lpapa\.nuget\packages\microsoft.windowsappsdk.winui\1.8.260204000\buildTransitive\..\tools\net6.0\..\net472\XamlCompiler.exe" "obj\x64\Debug\net10.0-windows10.0.19041.0\win-x64\\input.json" "obj\x64\Debug\net10.0-windows10.0.19041.0\win-x64\\output.json"" exited with code 1. [C:\Dev\LionPix\teddy-merge-windows\TeddyMerge.csproj]
    0 Warning(s)
    2 Error(s)

Time Elapsed 00:00:06.81
